2
0
0
0
1
False
True
False
0
False
True
False
False
False
[]
[]
0
[]
False
[]
